{
  "todos": [
    {
      "id": "283230875458061868",
      "text": "Task",
      "priority": 3,
      "done": false
    },
    {
      "id": "10554294490335262992",
      "text": "Very important task",
      "priority": 5,
      "done": false
    }
  ]
}